2026-07-28 14:18:54 === Запуск обновления ===
2026-07-28 14:18:54 Скачивание изменений с GitHub...
2026-07-28 14:18:54   error: cannot pull with rebase: You have unstaged changes.
2026-07-28 14:18:54   error: Please commit or stash them.
2026-07-28 14:18:54 ОШИБКА: git pull вернул 128
2026-07-28 14:19:36 === Запуск обновления ===
2026-07-28 14:19:36 Сохранение локальных изменений...
2026-07-28 14:19:36   warning: in the working copy of 'update.ps1', LF will be replaced by CRLF the next time Git touches it
2026-07-28 14:19:36   Saved working directory and index state WIP on main: a9699e5 auto: ¦-¦-¦-¦-¦-¦¬¦¦¦-¦¬¦¦ TБTВTА¦-¦-¦¬TЖ TВTА¦-¦¬¦¬¦¦¦¦¦-TГTБ¦-¦- 2026-07-28 13:59
2026-07-28 14:19:36 Изменения сохранены в stash.
2026-07-28 14:19:36 Скачивание изменений с GitHub...
2026-07-28 14:19:37   From https://github.com/vladimka/obsidian
2026-07-28 14:19:37    * branch            main       -> FETCH_HEAD
2026-07-28 14:19:37   Already up to date.
2026-07-28 14:19:37 Восстановление локальных изменений...
2026-07-28 14:19:37   On branch main
2026-07-28 14:19:37   Your branch is up to date with 'origin/main'.
2026-07-28 14:19:37   
2026-07-28 14:19:37   Changes not staged for commit:
2026-07-28 14:19:37     (use "git add <file>..." to update what will be committed)
2026-07-28 14:19:37     (use "git restore <file>..." to discard changes in working directory)
2026-07-28 14:19:37   	modified:   update.ps1
2026-07-28 14:19:37   
2026-07-28 14:19:37   Untracked files:
2026-07-28 14:19:37     (use "git add <file>..." to include in what will be committed)
2026-07-28 14:19:37   	update.log
2026-07-28 14:19:37   
2026-07-28 14:19:37   no changes added to commit (use "git add" and/or "git commit -a")
2026-07-28 14:19:37   Dropped refs/stash@{0} (0ceb3ce53a4721335e679c840df8308b81e537fb)
2026-07-28 14:19:37 Запуск generate_trolleybus_pages.py...
2026-07-28 14:19:37     Tючфрэ: 277.md
2026-07-28 14:19:37     Tючфрэ: 278.md
2026-07-28 14:19:37     Tючфрэ: 279.md
2026-07-28 14:19:37     Tючфрэ: 280.md
2026-07-28 14:19:37     Tючфрэ: 281.md
2026-07-28 14:19:37     Tючфрэ: 282.md
2026-07-28 14:19:37     Tючфрэ: 286.md
2026-07-28 14:19:37     Tючфрэ: 290.md
2026-07-28 14:19:37     Tючфрэ: 292.md
2026-07-28 14:19:37     Tючфрэ: 296.md
2026-07-28 14:19:37     Tючфрэ: 297.md
2026-07-28 14:19:37     Tючфрэ: 299.md
2026-07-28 14:19:37     Tючфрэ: 303.md
2026-07-28 14:19:37     Tючфрэ: 304.md
2026-07-28 14:19:37     Tючфрэ: 305.md
2026-07-28 14:19:37     Tючфрэ: 306.md
2026-07-28 14:19:37     Tючфрэ: 308.md
2026-07-28 14:19:37     Tючфрэ: 309.md
2026-07-28 14:19:37     Tючфрэ: 312.md
2026-07-28 14:19:37     Tючфрэ: 315.md
2026-07-28 14:19:37     Tючфрэ: 316.md
2026-07-28 14:19:37     Tючфрэ: 317.md
2026-07-28 14:19:37     Tючфрэ: 318.md
2026-07-28 14:19:37     Tючфрэ: 319.md
2026-07-28 14:19:37     Tючфрэ: 320.md
2026-07-28 14:19:37     Tючфрэ: 321.md
2026-07-28 14:19:37     Tючфрэ: 322.md
2026-07-28 14:19:37     Tючфрэ: 324.md
2026-07-28 14:19:37     Tючфрэ: 325.md
2026-07-28 14:19:37     Tючфрэ: 326.md
2026-07-28 14:19:37     Tючфрэ: 327.md
2026-07-28 14:19:37     Tючфрэ: 328.md
2026-07-28 14:19:37     Tючфрэ: 329.md
2026-07-28 14:19:37     Tючфрэ: 330.md
2026-07-28 14:19:37     Tючфрэ: 331.md
2026-07-28 14:19:37     Tючфрэ: 332.md
2026-07-28 14:19:37     Tючфрэ: 333.md
2026-07-28 14:19:37     Tючфрэ: 334.md
2026-07-28 14:19:37     Tючфрэ: 335.md
2026-07-28 14:19:37     Tючфрэ: 336.md
2026-07-28 14:19:37     Tючфрэ: 337.md
2026-07-28 14:19:37     Tючфрэ: 338.md
2026-07-28 14:19:37     Tючфрэ: 339.md
2026-07-28 14:19:37     Tючфрэ: 340.md
2026-07-28 14:19:37     +сэюты¬э: Home.md
2026-07-28 14:19:37     Tючфрэ: TЄрЁvх.md
2026-07-28 14:19:37   
2026-07-28 14:19:37   +юЄютю! Tючфрэю 44 Їрщыют т C:\Users\User\Documents\obsidian\TЁюыыхщсєёv
2026-07-28 14:19:37 Обнаружены изменения:
2026-07-28 14:19:37    M update.ps1
2026-07-28 14:19:37   ?? update.log
